Analyzing Vaulto...                                             

   info - 'background' is deprecated and shouldn't be used. Use surface instead. This feature was deprecated after v3.18.0-0.1.pre - lib\core\theme\app_theme.dart:17:9 - deprecated_member_use
warning - This default clause is covered by the previous cases - lib\firebase_options.dart:19:7 - unreachable_switch_default
   info - The constant name 'Day' isn't a lowerCamelCase identifier - lib\ui\screens\analytics_screen.dart:11:24 - constant_identifier_names
   info - The constant name 'Week' isn't a lowerCamelCase identifier - lib\ui\screens\analytics_screen.dart:11:29 - constant_identifier_names
   info - The constant name 'Month' isn't a lowerCamelCase identifier - lib\ui\screens\analytics_screen.dart:11:35 - constant_identifier_names
   info - The constant name 'Year' isn't a lowerCamelCase identifier - lib\ui\screens\analytics_screen.dart:11:42 - constant_identifier_names
   info - 'withOpacity' is deprecated and shouldn't be used. Use .withValues() to avoid precision loss - lib\ui\screens\analytics_screen.dart:268:52 - deprecated_member_use
   info - 'withOpacity' is deprecated and shouldn't be used. Use .withValues() to avoid precision loss - lib\ui\screens\analytics_screen.dart:386:51 - deprecated_member_use
   info - Unnecessary use of 'toList' in a spread - lib\ui\screens\analytics_screen.dart:527:14 - unnecessary_to_list_in_spreads
   info - Statements in an if should be enclosed in a block - lib\ui\screens\analytics_screen.dart:566:24 - curly_braces_in_flow_control_structures
   info - Statements in an if should be enclosed in a block - lib\ui\screens\analytics_screen.dart:567:12 - curly_braces_in_flow_control_structures
   info - 'withOpacity' is deprecated and shouldn't be used. Use .withValues() to avoid precision loss - lib\ui\screens\analytics_screen.dart:607:88 - deprecated_member_use
   info - 'withOpacity' is deprecated and shouldn't be used. Use .withValues() to avoid precision loss - lib\ui\screens\analytics_screen.dart:729:39 - deprecated_member_use
   info - 'withOpacity' is deprecated and shouldn't be used. Use .withValues() to avoid precision loss - lib\ui\screens\analytics_screen.dart:733:37 - deprecated_member_use
   info - 'withOpacity' is deprecated and shouldn't be used. Use .withValues() to avoid precision loss - lib\ui\screens\dashboard_screen.dart:75:60 - deprecated_member_use
   info - 'withOpacity' is deprecated and shouldn't be used. Use .withValues() to avoid precision loss - lib\ui\screens\dashboard_screen.dart:91:56 - deprecated_member_use
   info - 'withOpacity' is deprecated and shouldn't be used. Use .withValues() to avoid precision loss - lib\ui\screens\dashboard_screen.dart:94:41 - deprecated_member_use
   info - 'withOpacity' is deprecated and shouldn't be used. Use .withValues() to avoid precision loss - lib\ui\screens\dashboard_screen.dart:132:51 - deprecated_member_use
   info - 'withOpacity' is deprecated and shouldn't be used. Use .withValues() to avoid precision loss - lib\ui\screens\dashboard_screen.dart:193:72 - deprecated_member_use
   info - 'withOpacity' is deprecated and shouldn't be used. Use .withValues() to avoid precision loss - lib\ui\screens\dashboard_screen.dart:228:56 - deprecated_member_use
   info - 'withOpacity' is deprecated and shouldn't be used. Use .withValues() to avoid precision loss - lib\ui\screens\dashboard_screen.dart:417:72 - deprecated_member_use
   info - Don't use 'BuildContext's across async gaps, guarded by an unrelated 'mounted' check - lib\ui\screens\history_screen.dart:60:40 - use_build_context_synchronously
   info - 'withOpacity' is deprecated and shouldn't be used. Use .withValues() to avoid precision loss - lib\ui\screens\history_screen.dart:152:96 - deprecated_member_use
  error - Expected to find ')' - lib\ui\screens\history_screen.dart:228:6 - expected_token
warning - Unused import: 'history_screen.dart' - lib\ui\screens\main_screen.dart:9:8 - unused_import
   info - 'withOpacity' is deprecated and shouldn't be used. Use .withValues() to avoid precision loss - lib\ui\screens\profile_screen.dart:81:62 - deprecated_member_use
   info - 'withOpacity' is deprecated and shouldn't be used. Use .withValues() to avoid precision loss - lib\ui\screens\profile_screen.dart:146:58 - deprecated_member_use
   info - 'withOpacity' is deprecated and shouldn't be used. Use .withValues() to avoid precision loss - lib\ui\screens\profile_screen.dart:156:49 - deprecated_member_use
   info - 'withOpacity' is deprecated and shouldn't be used. Use .withValues() to avoid precision loss - lib\ui\screens\profile_screen.dart:202:73 - deprecated_member_use
   info - 'withOpacity' is deprecated and shouldn't be used. Use .withValues() to avoid precision loss - lib\ui\screens\profile_screen.dart:218:64 - deprecated_member_use
   info - 'withOpacity' is deprecated and shouldn't be used. Use .withValues() to avoid precision loss - lib\ui\screens\subscriptions_screen.dart:95:56 - deprecated_member_use
   info - 'withOpacity' is deprecated and shouldn't be used. Use .withValues() to avoid precision loss - lib\ui\screens\subscriptions_screen.dart:95:96 - deprecated_member_use
   info - 'withOpacity' is deprecated and shouldn't be used. Use .withValues() to avoid precision loss - lib\ui\screens\subscriptions_screen.dart:120:34 - deprecated_member_use
   info - 'withOpacity' is deprecated and shouldn't be used. Use .withValues() to avoid precision loss - lib\ui\screens\subscriptions_screen.dart:122:53 - deprecated_member_use
   info - 'withOpacity' is deprecated and shouldn't be used. Use .withValues() to avoid precision loss - lib\ui\screens\subscriptions_screen.dart:152:59 - deprecated_member_use
   info - 'withOpacity' is deprecated and shouldn't be used. Use .withValues() to avoid precision loss - lib\ui\screens\subscriptions_screen.dart:152:99 - deprecated_member_use
   info - 'withOpacity' is deprecated and shouldn't be used. Use .withValues() to avoid precision loss - lib\ui\screens\subscriptions_screen.dart:188:48 - deprecated_member_use
   info - 'activeColor' is deprecated and shouldn't be used. Use activeThumbColor instead. This feature was deprecated after v3.31.0-2.0.pre - lib\ui\screens\subscriptions_screen.dart:263:23 - deprecated_member_use
   info - 'withOpacity' is deprecated and shouldn't be used. Use .withValues() to avoid precision loss - lib\ui\screens\subscriptions_screen.dart:264:61 - deprecated_member_use

